09:25:32 **** Incremental Build of configuration Debug for project can_bus_send_data_hcsr04 ****
make -j8 all 
arm-none-eabi-gcc "../Core/Src/main.c" -mcpu=cortex-m4 -std=gnu11 -g3 -DDEBUG -DUSE_HAL_DRIVER -DSTM32F407xx -c -I../Core/Inc -I../Drivers/STM32F4xx_HAL_Driver/Inc -I../Drivers/STM32F4xx_HAL_Driver/Inc/Legacy -I../Drivers/CMSIS/Device/ST/STM32F4xx/Include -I../Drivers/CMSIS/Include -O0 -ffunction-sections -fdata-sections -Wall -fstack-usage -MMD -MP -MF"Core/Src/main.d" -MT"Core/Src/main.o" --specs=nano.specs -mfpu=fpv4-sp-d16 -mfloat-abi=hard -mthumb -o "Core/Src/main.o"
arm-none-eabi-gcc -o "can_bus_send_data_hcsr04.elf" @"objects.list"   -mcpu=cortex-m4 -T"C:\Can_bus_workspace\can_bus_calisma\can_bus_send_data_hcsr04\STM32F407VGTX_FLASH.ld" --specs=nosys.specs -Wl,-Map="can_bus_send_data_hcsr04.map" -Wl,--gc-sections -static --specs=nano.specs -mfpu=fpv4-sp-d16 -mfloat-abi=hard -mthumb -Wl,--start-group -lc -lm -Wl,--end-group
Finished building target: can_bus_send_data_hcsr04.elf
 
arm-none-eabi-size   can_bus_send_data_hcsr04.elf 
arm-none-eabi-objdump -h -S  can_bus_send_data_hcsr04.elf  > "can_bus_send_data_hcsr04.list"
arm-none-eabi-objcopy  -O binary  can_bus_send_data_hcsr04.elf  "can_bus_send_data_hcsr04.bin"
   text	   data	    bss	    dec	    hex	filename
   7572	     20	   1652	   9244	   241c	can_bus_send_data_hcsr04.elf
Finished building: default.size.stdout
 
Finished building: can_bus_send_data_hcsr04.bin
 
Finished building: can_bus_send_data_hcsr04.list
 

09:25:33 Build Finished. 0 errors, 0 warnings. (took 1s.563ms)

