19:48:00 **** Build of configuration Debug for project can_bus_extended_filtresiz_calisma ****
make -j8 all 
arm-none-eabi-gcc "../Core/Src/main.c" -mcpu=cortex-m4 -std=gnu11 -g3 -DDEBUG -DUSE_HAL_DRIVER -DSTM32F407xx -c -I../Core/Inc -I../Drivers/STM32F4xx_HAL_Driver/Inc -I../Drivers/STM32F4xx_HAL_Driver/Inc/Legacy -I../Drivers/CMSIS/Device/ST/STM32F4xx/Include -I../Drivers/CMSIS/Include -O0 -ffunction-sections -fdata-sections -Wall -fstack-usage -MMD -MP -MF"Core/Src/main.d" -MT"Core/Src/main.o" --specs=nano.specs -mfpu=fpv4-sp-d16 -mfloat-abi=hard -mthumb -o "Core/Src/main.o"
arm-none-eabi-gcc -o "can_bus_extended_filtresiz_calisma.elf" @"objects.list"   -mcpu=cortex-m4 -T"C:\Can_bus_workspace\can_bus_filtresiz_calisma\can_bus_extended_filtresiz_calisma\STM32F407VGTX_FLASH.ld" --specs=nosys.specs -Wl,-Map="can_bus_extended_filtresiz_calisma.map" -Wl,--gc-sections -static --specs=nano.specs -mfpu=fpv4-sp-d16 -mfloat-abi=hard -mthumb -Wl,--start-group -lc -lm -Wl,--end-group
Finished building target: can_bus_extended_filtresiz_calisma.elf
 
arm-none-eabi-size   can_bus_extended_filtresiz_calisma.elf 
arm-none-eabi-objdump -h -S  can_bus_extended_filtresiz_calisma.elf  > "can_bus_extended_filtresiz_calisma.list"
arm-none-eabi-objcopy  -O binary  can_bus_extended_filtresiz_calisma.elf  "can_bus_extended_filtresiz_calisma.bin"
   text	   data	    bss	    dec	    hex	filename
   9900	     20	   1708	  11628	   2d6c	can_bus_extended_filtresiz_calisma.elf
Finished building: default.size.stdout
 
Finished building: can_bus_extended_filtresiz_calisma.bin
 
Finished building: can_bus_extended_filtresiz_calisma.list
 

19:48:01 Build Finished. 0 errors, 0 warnings. (took 917ms)

